  Precompile.cpp
D:\VGP242\WinterEngine\External\Bullet\BulletSoftBody\btSoftBody.h(38,50): warning C4305: 'initializing': truncation from 'double' to 'btScalar'
  (compiling source file 'Src/Precompile.cpp')
  
D:\VGP242\WinterEngine\External\Bullet\BulletSoftBody\btSoftBody.h(1232,17): warning C4244: 'initializing': conversion from 'double' to 'btScalar', possible loss of data
  (compiling source file 'Src/Precompile.cpp')
  
D:\VGP242\WinterEngine\External\Bullet\BulletSoftBody\btSoftBody.h(1357,21): warning C4244: '+=': conversion from 'double' to 'btScalar', possible loss of data
  (compiling source file 'Src/Precompile.cpp')
  
D:\VGP242\WinterEngine\External\Bullet\BulletSoftBody\btSoftBody.h(1361,21): warning C4244: 'initializing': conversion from 'double' to 'btScalar', possible loss of data
  (compiling source file 'Src/Precompile.cpp')
  
D:\VGP242\WinterEngine\External\Bullet\BulletSoftBody\btSoftBody.h(1385,20): warning C4244: '=': conversion from 'double' to 'btScalar', possible loss of data
  (compiling source file 'Src/Precompile.cpp')
  
D:\VGP242\WinterEngine\External\Bullet\BulletSoftBody\btSoftBody.h(1387,23): warning C4244: '=': conversion from 'double' to 'btScalar', possible loss of data
  (compiling source file 'Src/Precompile.cpp')
  
D:\VGP242\WinterEngine\External\Bullet\BulletSoftBody\btSoftBody.h(1269,17): warning C4244: 'initializing': conversion from 'double' to 'btScalar', possible loss of data
  (compiling source file 'Src/Precompile.cpp')
      D:\VGP242\WinterEngine\External\Bullet\BulletSoftBody\btSoftBody.h(1269,17):
      the template instantiation context (the oldest one first) is
          D:\VGP242\WinterEngine\External\Bullet\BulletSoftBody\btSoftBody.h(1303,4):
          see reference to function template instantiation 'void btSoftBody::updateFace<btDbvtNode>(DBVTNODE *,bool,bool)' being compiled
          with
          [
              DBVTNODE=btDbvtNode
          ]
  
  CollisionShape.cpp
  Particle.cpp
D:\VGP242\WinterEngine\Framework\Physics\Inc\PhysicsWorld.h(14,50): warning C4305: 'argument': truncation from 'double' to 'float'
  (compiling source file '/Src/Particle.cpp')
  
  ParticleSystem.cpp
  PhysicsDebugDraw.cpp
  PhysicsWorld.cpp
D:\VGP242\WinterEngine\Framework\Physics\Inc\PhysicsWorld.h(14,50): warning C4305: 'argument': truncation from 'double' to 'float'
  (compiling source file '/Src/PhysicsWorld.cpp')
  
  RigidBody.cpp
D:\VGP242\WinterEngine\Framework\Physics\Inc\PhysicsWorld.h(14,50): warning C4305: 'argument': truncation from 'double' to 'float'
  (compiling source file '/Src/RigidBody.cpp')
  
  SoftBody.cpp
D:\VGP242\WinterEngine\Framework\Physics\Inc\PhysicsWorld.h(14,50): warning C4305: 'argument': truncation from 'double' to 'float'
  (compiling source file '/Src/SoftBody.cpp')
  
D:\VGP242\WinterEngine\Framework\Physics\Src\SoftBody.cpp(24,71): warning C4267: 'argument': conversion from 'size_t' to 'int', possible loss of data
  (compiling source file '/Src/SoftBody.cpp')
  
D:\VGP242\WinterEngine\Framework\Physics\Src\SoftBody.cpp(39,22): warning C4267: 'argument': conversion from 'size_t' to 'int', possible loss of data
  (compiling source file '/Src/SoftBody.cpp')
  
D:\VGP242\WinterEngine\Framework\Physics\Src\SoftBody.cpp(73,62): warning C4267: 'argument': conversion from 'size_t' to 'int', possible loss of data
  (compiling source file '/Src/SoftBody.cpp')
  
  Generating Code...
  Physics.vcxproj -> D:\VGP242\WinterEngine\x64\Debug\Physics.lib
