c:\users\lcv2242924\documents\github\vgp334_engine4\winterengine\external\directxtk\bin\desktop_2019\x64\debug\directxtk.pch
c:\users\lcv2242924\documents\github\vgp334_engine4\winterengine\external\directxtk\bin\desktop_2019\x64\debug\directxtk.pdb
c:\users\lcv2242924\documents\github\vgp334_engine4\winterengine\external\directxtk\bin\desktop_2019\x64\debug\pch.obj
c:\users\lcv2242924\documents\github\vgp334_engine4\winterengine\external\directxtk\bin\desktop_2019\x64\debug\graphicsmemory.obj
c:\users\lcv2242924\documents\github\vgp334_engine4\winterengine\external\directxtk\bin\desktop_2019\x64\debug\geometry.obj
c:\users\lcv2242924\documents\github\vgp334_engine4\winterengine\external\directxtk\bin\desktop_2019\x64\debug\geometricprimitive.obj
c:\users\lcv2242924\documents\github\vgp334_engine4\winterengine\external\directxtk\bin\desktop_2019\x64\debug\gamepad.obj
c:\users\lcv2242924\documents\github\vgp334_engine4\winterengine\external\directxtk\bin\desktop_2019\x64\debug\environmentmapeffect.obj
c:\users\lcv2242924\documents\github\vgp334_engine4\winterengine\external\directxtk\bin\desktop_2019\x64\debug\effectfactory.obj
c:\users\lcv2242924\documents\github\vgp334_engine4\winterengine\external\directxtk\bin\desktop_2019\x64\debug\effectcommon.obj
c:\users\lcv2242924\documents\github\vgp334_engine4\winterengine\external\directxtk\bin\desktop_2019\x64\debug\binaryreader.obj
c:\users\lcv2242924\documents\github\vgp334_engine4\winterengine\external\directxtk\bin\desktop_2019\x64\debug\dualtextureeffect.obj
c:\users\lcv2242924\documents\github\vgp334_engine4\winterengine\external\directxtk\bin\desktop_2019\x64\debug\dualpostprocess.obj
c:\users\lcv2242924\documents\github\vgp334_engine4\winterengine\external\directxtk\bin\desktop_2019\x64\debug\directxhelpers.obj
c:\users\lcv2242924\documents\github\vgp334_engine4\winterengine\external\directxtk\bin\desktop_2019\x64\debug\dgsleffectfactory.obj
c:\users\lcv2242924\documents\github\vgp334_engine4\winterengine\external\directxtk\bin\desktop_2019\x64\debug\dgsleffect.obj
c:\users\lcv2242924\documents\github\vgp334_engine4\winterengine\external\directxtk\bin\desktop_2019\x64\debug\debugeffect.obj
c:\users\lcv2242924\documents\github\vgp334_engine4\winterengine\external\directxtk\bin\desktop_2019\x64\debug\ddstextureloader.obj
c:\users\lcv2242924\documents\github\vgp334_engine4\winterengine\external\directxtk\bin\desktop_2019\x64\debug\commonstates.obj
c:\users\lcv2242924\documents\github\vgp334_engine4\winterengine\external\directxtk\bin\desktop_2019\x64\debug\bufferhelpers.obj
c:\users\lcv2242924\documents\github\vgp334_engine4\winterengine\external\directxtk\bin\desktop_2019\x64\debug\basicpostprocess.obj
c:\users\lcv2242924\documents\github\vgp334_engine4\winterengine\external\directxtk\bin\desktop_2019\x64\debug\basiceffect.obj
c:\users\lcv2242924\documents\github\vgp334_engine4\winterengine\external\directxtk\bin\desktop_2019\x64\debug\alphatesteffect.obj
c:\users\lcv2242924\documents\github\vgp334_engine4\winterengine\external\directxtk\bin\desktop_2019\x64\debug\wictextureloader.obj
c:\users\lcv2242924\documents\github\vgp334_engine4\winterengine\external\directxtk\bin\desktop_2019\x64\debug\vertextypes.obj
c:\users\lcv2242924\documents\github\vgp334_engine4\winterengine\external\directxtk\bin\desktop_2019\x64\debug\tonemappostprocess.obj
c:\users\lcv2242924\documents\github\vgp334_engine4\winterengine\external\directxtk\bin\desktop_2019\x64\debug\directxt.e0b52ae7.tlog\cl.command.1.tlog
c:\users\lcv2242924\documents\github\vgp334_engine4\winterengine\external\directxtk\bin\desktop_2019\x64\debug\directxt.e0b52ae7.tlog\cl.read.1.tlog
c:\users\lcv2242924\documents\github\vgp334_engine4\winterengine\external\directxtk\bin\desktop_2019\x64\debug\directxt.e0b52ae7.tlog\cl.write.1.tlog
