c:\users\lcv2242924\documents\github\vgp334_engine4\winterengine\x64\debug\winterengine.pdb
c:\users\lcv2242924\documents\github\vgp334_engine4\winterengine\x64\debug\winterengine.idb
c:\users\lcv2242924\documents\github\vgp334_engine4\winterengine\engine\winterengine\x64\debug\winterengine.obj
c:\users\lcv2242924\documents\github\vgp334_engine4\winterengine\engine\winterengine\x64\debug\transformcomponent.obj
c:\users\lcv2242924\documents\github\vgp334_engine4\winterengine\engine\winterengine\x64\debug\renderservice.obj
c:\users\lcv2242924\documents\github\vgp334_engine4\winterengine\engine\winterengine\x64\debug\renderobjectcomponent.obj
c:\users\lcv2242924\documents\github\vgp334_engine4\winterengine\engine\winterengine\x64\debug\meshcomponent.obj
c:\users\lcv2242924\documents\github\vgp334_engine4\winterengine\engine\winterengine\x64\debug\gameworld.obj
c:\users\lcv2242924\documents\github\vgp334_engine4\winterengine\engine\winterengine\x64\debug\gameobjectfactory.obj
c:\users\lcv2242924\documents\github\vgp334_engine4\winterengine\engine\winterengine\x64\debug\gameobject.obj
c:\users\lcv2242924\documents\github\vgp334_engine4\winterengine\engine\winterengine\x64\debug\fpscameracomponent.obj
c:\users\lcv2242924\documents\github\vgp334_engine4\winterengine\engine\winterengine\x64\debug\eventmanager.obj
c:\users\lcv2242924\documents\github\vgp334_engine4\winterengine\engine\winterengine\x64\debug\cameraservice.obj
c:\users\lcv2242924\documents\github\vgp334_engine4\winterengine\engine\winterengine\x64\debug\cameracomponent.obj
c:\users\lcv2242924\documents\github\vgp334_engine4\winterengine\engine\winterengine\x64\debug\app.obj
c:\users\lcv2242924\documents\github\vgp334_engine4\winterengine\engine\winterengine\x64\debug\modelcomponent.obj
c:\users\lcv2242924\documents\github\vgp334_engine4\winterengine\engine\winterengine\x64\debug\animatorcomponent.obj
c:\users\lcv2242924\documents\github\vgp334_engine4\winterengine\engine\winterengine\x64\debug\winterengine.pch
c:\users\lcv2242924\documents\github\vgp334_engine4\winterengine\engine\winterengine\x64\debug\precompile.obj
c:\users\lcv2242924\documents\github\vgp334_engine4\winterengine\engine\winterengine\x64\debug\rigidbodycomponent.obj
c:\users\lcv2242924\documents\github\vgp334_engine4\winterengine\engine\winterengine\x64\debug\physicsservice.obj
c:\users\lcv2242924\documents\github\vgp334_engine4\winterengine\engine\winterengine\x64\debug\soundeffectcomponent.obj
c:\users\lcv2242924\documents\github\vgp334_engine4\winterengine\engine\winterengine\x64\debug\soundbankcomponent.obj
c:\users\lcv2242924\documents\github\vgp334_engine4\winterengine\x64\debug\winterengine.lib
c:\users\lcv2242924\documents\github\vgp334_engine4\winterengine\engine\winterengine\x64\debug\winterengine.tlog\cl.command.1.tlog
c:\users\lcv2242924\documents\github\vgp334_engine4\winterengine\engine\winterengine\x64\debug\winterengine.tlog\cl.items.tlog
c:\users\lcv2242924\documents\github\vgp334_engine4\winterengine\engine\winterengine\x64\debug\winterengine.tlog\cl.read.1.tlog
c:\users\lcv2242924\documents\github\vgp334_engine4\winterengine\engine\winterengine\x64\debug\winterengine.tlog\cl.write.1.tlog
c:\users\lcv2242924\documents\github\vgp334_engine4\winterengine\engine\winterengine\x64\debug\winterengine.tlog\lib-link.read.1.tlog
c:\users\lcv2242924\documents\github\vgp334_engine4\winterengine\engine\winterengine\x64\debug\winterengine.tlog\lib-link.write.1.tlog
c:\users\lcv2242924\documents\github\vgp334_engine4\winterengine\engine\winterengine\x64\debug\winterengine.tlog\lib.command.1.tlog
